// Jest Snapshot v1, https://goo.gl/fbAQLP

exports[`Home renders 1`] = `
<DocumentFragment>
  <div
    data-testid="home-page"
  >
    Home
  </div>
</DocumentFragment>
`;
