// Jest Snapshot v1, https://goo.gl/fbAQLP

exports[`Projects renders 1`] = `
<DocumentFragment>
  <div>
    Projects
  </div>
</DocumentFragment>
`;
