// Jest Snapshot v1, https://goo.gl/fbAQLP

exports[`LoadingSpinner renders 1`] = `
<DocumentFragment>
  <div
    class="w-full text-center"
  >
    Loading...
  </div>
</DocumentFragment>
`;
